SQL> 
SQL> 
SQL> ed
Wrote file afiedt.buf

  1  create table tab_mv_test1
  2  (
  3       mid        number(10)
  4     , cdate      date
  5* )
SQL> /

Table created.

Elapsed: 00:00:00.05
SQL> 
SQL> 
SQL> ed
Wrote file afiedt.buf

  1  create table tab_mv_test2
  2  (
  3       mid        number(10)
  4     , cdate      date
  5* )
SQL> /

Table created.

Elapsed: 00:00:00.03
SQL> 
SQL> 
SQL> ed
Wrote file afiedt.buf

  1  create materialized view log on tab_mv_test1
  2  with rowud, sequence( id )
  3* including new values
SQL> /
with rowud, sequence( id )
     *
ERROR at line 2:
ORA-00922: missing or invalid option


Elapsed: 00:00:00.00
SQL> ed
Wrote file afiedt.buf

  1  create materialized view log on tab_mv_test1
  2  with rowid, sequence( id )
  3* including new values
SQL> /
create materialized view log on tab_mv_test1
*
ERROR at line 1:
ORA-12026: invalid filter column detected


Elapsed: 00:00:00.07
SQL> ed
Wrote file afiedt.buf

  1  create materialized view log on tab_mv_test1
  2  with rowid, sequence( mid )
  3* including new values
SQL> /

Materialized view log created.

Elapsed: 00:00:00.15
SQL> 
SQL> 
SQL> ed
Wrote file afiedt.buf

  1  create materialized view log on tab_mv_test2
  2  with rowid, sequence( mid )
  3* including new values
SQL> /

Materialized view log created.

Elapsed: 00:00:00.03
SQL> 
SQL> 
SQL> ed
Wrote file afiedt.buf

  1  create materialized view mv_mv_test
  2  using no index
  3  refresh fast with rowid
  4  as select t1.id
  5          , count(*)
  6       from tab_mv_test1 t1
  7      inner join tab_mv_test2 t2
  8         on t2.id = t1.id
  9      group by
 10*           t1.id
SQL> /
       on t2.id = t1.id
                  *
ERROR at line 8:
ORA-00904: "T1"."ID": invalid identifier


Elapsed: 00:00:00.04
SQL> 
SQL> 
SQL> ed
Wrote file afiedt.buf

  1  create materialized view mv_mv_test
  2  using no index
  3  refresh fast with rowid
  4  as select t1.mid
  5          , count(*)
  6       from tab_mv_test1 t1
  7      inner join tab_mv_test2 t2
  8         on t2.mid = t1.mid
  9      group by
 10*           t1.mid
SQL> /

Materialized view created.

Elapsed: 00:00:01.02
SQL> 
SQL> 
SQL> execute DBMS_MVIEW.REFRESH( 'mv_mv_test', 'f' );

PL/SQL procedure successfully completed.

Elapsed: 00:00:00.58
SQL> 
SQL> 
SQL> drop materialized view mv_mv_test;

Materialized view dropped.

Elapsed: 00:00:00.27
SQL> 
SQL> 
SQL> ed
Wrote file afiedt.buf

  1  create materialized view mv_mv_test
  2  using no index
  3  refresh fast with rowid
  4  as select t1.mid
  5       from tab_mv_test1 t1
  6      inner join tab_mv_test2 t2
  7         on t2.mid = t1.mid
  8      group by
  9*           t1.mid
SQL> /
       on t2.mid = t1.mid
                   *
ERROR at line 7:
ORA-12015: cannot create a fast refresh materialized view from a complex query


Elapsed: 00:00:00.01
SQL> 
SQL> 
SQL> 
SQL> ed
Wrote file afiedt.buf

  1  create materialized view mv_mv_test
  2  using no index
  3  refresh fast with rowid
  4  as select t1.mid
  5          , count(*)
  6       from tab_mv_test1 t1
  7       left join tab_mv_test2 t2
  8         on t2.mid = t1.mid
  9      group by
 10*           t1.mid
SQL> /
       on t2.mid = t1.mid
                   *
ERROR at line 8:
ORA-12015: cannot create a fast refresh materialized view from a complex query


Elapsed: 00:00:00.02
SQL> 
SQL> 
SQL> ed
Wrote file afiedt.buf

  1  create materialized view mv_mv_test
  2  using no index
  3  refresh fast with rowid
  4  as select t1.mid
  5          , count(*)
  6       from tab_mv_test1 t1
  7       full outer join tab_mv_test2 t2
  8         on t2.mid = t1.mid
  9      group by
 10*           t1.mid
SQL> /
       on t2.mid = t1.mid
                   *
ERROR at line 8:
ORA-12015: cannot create a fast refresh materialized view from a complex query


Elapsed: 00:00:00.01
SQL> 
SQL> 
SQL> 
SQL> ed
Wrote file afiedt.buf

  1  create materialized view mv_mv_test
  2  using no index
  3  refresh fast with rowid
  4  as select t1.mid
  5       from tab_mv_test1 t1
  6     union all
  7     select t2.mid
  8*      from tab_mv_test2 t2
SQL> /
     from tab_mv_test2 t2
          *
ERROR at line 8:
ORA-12015: cannot create a fast refresh materialized view from a complex query


Elapsed: 00:00:00.02
SQL> 
SQL> 
SQL> 
SQL> ed
Wrote file afiedt.buf

  1  create materialized view mv_mv_test
  2  using no index
  3  refresh fast with rowid
  4  as select to_char('cdate', 'yyyymm') cdate
  5          , sum(mid)
  6       from tab_mv_test1 t1
  7      group by
  8*           to_char('cdate', 'yyyymm')
SQL> /

Materialized view created.

Elapsed: 00:00:00.06
SQL> 
SQL> 
SQL> execute DBMS_MVIEW.REFRESH( 'mv_mv_test', 'f' );

PL/SQL procedure successfully completed.

Elapsed: 00:00:00.08
SQL> 
SQL> 
SQL> spool off
